// Jest Snapshot v1, https://goo.gl/fbAQLP

exports[`matches home snapshot 1`] = `
Array [
  <h4
    className="calculator-text"
  >
    Lets do some Math!
  </h4>,
  <section>
    <div
      className="btn-rows"
    >
      <div
        className="grid-item"
        id="result"
      >
        0
      </div>
      <button
        className="grid-item"
        name="AC"
        onClick={[Function]}
        type="button"
      >
        AC 
      </button>
      <button
        className="grid-item"
        name="+/-"
        onClick={[Function]}
        type="button"
      >
         +/- 
      </button>
      <button
        className="grid-item"
        name="%"
        onClick={[Function]}
        type="button"
      >
         % 
      </button>
      <button
        className="grid-item orange"
        name="รท"
        onClick={[Function]}
        type="button"
      >
         รท 
      </button>
      <button
        className="grid-item"
        name="7"
        onClick={[Function]}
        type="button"
      >
         7 
      </button>
      <button
        className="grid-item"
        name="8"
        onClick={[Function]}
        type="button"
      >
         8 
      </button>
      <button
        className="grid-item"
        name="9"
        onClick={[Function]}
        type="button"
      >
         9 
      </button>
      <button
        className="grid-item orange"
        name="x"
        onClick={[Function]}
        type="button"
      >
         x 
      </button>
      <button
        className="grid-item"
        name="4"
        onClick={[Function]}
        type="button"
      >
         4 
      </button>
      <button
        className="grid-item"
        name="5"
        onClick={[Function]}
        type="button"
      >
         5 
      </button>
      <button
        className="grid-item"
        name="6"
        onClick={[Function]}
        type="button"
      >
         6 
      </button>
      <button
        className="grid-item orange"
        name="-"
        onClick={[Function]}
        type="button"
      >
         - 
      </button>
      <button
        className="grid-item"
        name="1"
        onClick={[Function]}
        type="button"
      >
         1 
      </button>
      <button
        className="grid-item"
        name="2"
        onClick={[Function]}
        type="button"
      >
         2 
      </button>
      <button
        className="grid-item"
        name="3"
        onClick={[Function]}
        type="button"
      >
         3 
      </button>
      <button
        className="grid-item orange"
        name="+"
        onClick={[Function]}
        type="button"
      >
         + 
      </button>
      <button
        className="grid-item zero"
        name="0"
        onClick={[Function]}
        type="button"
      >
         0 
      </button>
      <button
        className="grid-item"
        name="."
        onClick={[Function]}
        type="button"
      >
         . 
      </button>
      <button
        className="grid-item orange"
        name="="
        onClick={[Function]}
        type="button"
      >
         = 
      </button>
    </div>
  </section>,
]
`;
